C:\Program Files (x86)\MSBuild\Microsoft.Cpp\v4.0\V140\Microsoft.CppBuild.targets(368,5): warning MSB8004: Output Directory does not end with a trailing slash.  This build instance will add the slash as it is required to allow proper evaluation of the Output Directory.
C:\Program Files (x86)\MSBuild\14.0\bin\Microsoft.Common.CurrentVersion.targets(1820,5): warning MSB3245: 未能解析此引用。未能找到程序集“OPENCV2CS”。请检查磁盘上是否存在该程序集。 如果您的代码需要此引用，则可能出现编译错误。
  CllEvent.cpp
..\..\AutoThickTest\bin\Debug\CllEvent.cpp(3): fatal error C1083: 无法打开包括文件: “OpencvImageCompute.h”: No such file or directory
  dllmain.cpp
  stdafx.cpp
  Measure_Dll.cpp
Measure_Dll.cpp(182): warning C4244: “=”: 从“double”转换到“float”，可能丢失数据
Measure_Dll.cpp(183): warning C4244: “=”: 从“double”转换到“float”，可能丢失数据
Measure_Dll.cpp(184): warning C4244: “=”: 从“double”转换到“float”，可能丢失数据
Measure_Dll.cpp(185): warning C4244: “=”: 从“double”转换到“float”，可能丢失数据
Measure_Dll.cpp(625): warning C4244: “初始化”: 从“double”转换到“int”，可能丢失数据
Measure_Dll.cpp(627): warning C4244: “初始化”: 从“double”转换到“int”，可能丢失数据
  正在生成代码...
g:\opencv\build\include\opencv2\core\cvstd.hpp(596): warning C4793: “cv::String::String”: 编译为本机的函数:
  	托管代码中发现一个不受支持的内部函数
g:\opencv\build\include\opencv2\core\cuda.inl.hpp(105): warning C4793: “cv::cuda::GpuMat::GpuMat”: 编译为本机的函数:
  	托管代码中发现一个不受支持的内部函数
g:\opencv\build\include\opencv2\core\cuda.inl.hpp(395): warning C4793: “cv::cuda::HostMem::HostMem”: 编译为本机的函数:
  	托管代码中发现一个不受支持的内部函数
g:\opencv\build\include\opencv2\core\mat.inl.hpp(413): warning C4793: “cv::Mat::Mat”: 编译为本机的函数:
  	托管代码中发现一个不受支持的内部函数
g:\opencv\build\include\opencv2\core\mat.inl.hpp(703): warning C4793: “cv::Mat::release”: 编译为本机的函数:
  	托管代码中发现一个不受支持的内部函数
g:\opencv\build\include\opencv2\core\mat.inl.hpp(1929): warning C4793: “cv::SparseMat::addref”: 编译为本机的函数:
  	托管代码中发现一个不受支持的内部函数
g:\opencv\build\include\opencv2\core\mat.inl.hpp(3530): warning C4793: “cv::UMat::addref”: 编译为本机的函数:
  	托管代码中发现一个不受支持的内部函数
g:\opencv\build\include\opencv2\core\ptr.inl.hpp(67): warning C4793: “cv::detail::PtrOwner::incRef”: 编译为本机的函数:
  	托管代码中发现一个不受支持的内部函数
g:\opencv\build\include\opencv2\core\ptr.inl.hpp(72): warning C4793: “cv::detail::PtrOwner::decRef”: 编译为本机的函数:
  	托管代码中发现一个不受支持的内部函数
g:\opencv\build\include\opencv2\core\mat.inl.hpp(601): warning C4793: “cv::Mat::operator=”: 编译为本机的函数:
  	托管代码中发现一个不受支持的内部函数
g:\opencv\build\include\opencv2\core\cvstd.hpp(673): warning C4793: “cv::String::operator=”: 编译为本机的函数:
  	托管代码中发现一个不受支持的内部函数
E:\陈大伟\磁爬\AutoThickTest\AutoThickTest\bin\Debug\dllmain.cpp : warning C4747: 调用托管“DllMain”: 托管代码可能未运行在加载程序锁下，包括 DLL 入口点和从 DLL 入口点访问到的调用
